vite v6.4.2 building for production...
transforming...
✓ 2542 modules transformed.
rendering chunks...
computing gzip size...
../../../tmp/2162/dist-new-20260916T071301Z/index.html                            0.65 kB │ gzip:   0.36 kB
../../../tmp/2162/dist-new-20260916T071301Z/assets/sponsors-BEXj96XY.png        133.29 kB
../../../tmp/2162/dist-new-20260916T071301Z/assets/logo-W-foGt6x.png            389.60 kB
../../../tmp/2162/dist-new-20260916T071301Z/assets/index-Dyk-LUrk.css            58.73 kB │ gzip:  10.88 kB
../../../tmp/2162/dist-new-20260916T071301Z/assets/OverviewPage-PhPnDjd-.css     65.47 kB │ gzip:   9.22 kB
../../../tmp/2162/dist-new-20260916T071301Z/assets/maplibre-gl-BFOygm_7.js        0.50 kB │ gzip:   0.36 kB
../../../tmp/2162/dist-new-20260916T071301Z/assets/button-zvTGAtKG.js             5.16 kB │ gzip:   2.15 kB
../../../tmp/2162/dist-new-20260916T071301Z/assets/runtime-BGlpYFX4.js            8.41 kB │ gzip:   3.67 kB
../../../tmp/2162/dist-new-20260916T071301Z/assets/ModelAssetsPage-DGqGjf60.js   32.47 kB │ gzip:   9.86 kB
../../../tmp/2162/dist-new-20260916T071301Z/assets/MonitoringPage-iExHr-5B.js    39.60 kB │ gzip:  12.47 kB
../../../tmp/2162/dist-new-20260916T071301Z/assets/index-DLe5e3Ad.js             51.45 kB │ gzip:  16.58 kB
../../../tmp/2162/dist-new-20260916T071301Z/assets/vendor-Dhrtl9aN.js            98.58 kB │ gzip:  33.87 kB
../../../tmp/2162/dist-new-20260916T071301Z/assets/OverviewPage-DZzPc27E.js     149.44 kB │ gzip:  47.26 kB
../../../tmp/2162/dist-new-20260916T071301Z/assets/react-RJ6AW5ww.js            181.83 kB │ gzip:  59.85 kB
../../../tmp/2162/dist-new-20260916T071301Z/assets/vendor-charts-BMeovC4a.js    625.70 kB │ gzip: 210.57 kB
../../../tmp/2162/dist-new-20260916T071301Z/assets/vendor-map-2JX48g6q.js       825.52 kB │ gzip: 225.46 kB
✓ built in 16.30s
