                                                                                                                                                                        QUERY PLAN                                                                                                                                                                         
-----------------------------------------------------------------------------------------------------------------------------------------------------------------------------------------------------------------------------------------------------------------------------------------------------------------------------------------------------------
 Nested Loop (actual time=2.664..3.048 rows=2 loops=1)
   Buffers: shared hit=166
   CTE cand
     ->  Bitmap Heap Scan on hydro_run h (actual time=0.154..1.826 rows=130 loops=1)
           Recheck Cond: ((basin_version_id = 'basins_byh_vbasins'::text) AND (run_type = 'forecast'::hydro.run_type) AND (cycle_time IS NOT NULL))
           Filter: ((lower(source_id) = ANY ('{gfs,ifs}'::text[])) OR (lower(scenario_id) = ANY ('{forecast_gfs_deterministic,forecast_ifs_deterministic,gfs,ifs}'::text[])))
           Heap Blocks: exact=115
           Buffers: shared hit=117
           ->  Bitmap Index Scan on hydro_run_forecast_basin_cycle_idx (actual time=0.077..0.077 rows=130 loops=1)
                 Index Cond: (basin_version_id = 'basins_byh_vbasins'::text)
                 Buffers: shared hit=2
   ->  Unique (actual time=1.984..2.011 rows=2 loops=1)
         Buffers: shared hit=120
         ->  Sort (actual time=1.983..1.992 rows=130 loops=1)
               Sort Key: cand.scenario_id
               Sort Method: quicksort  Memory: 34kB
               Buffers: shared hit=120
               ->  CTE Scan on cand (actual time=0.158..1.903 rows=130 loops=1)
                     Buffers: shared hit=117
   ->  Limit (actual time=0.514..0.516 rows=1 loops=2)
         Buffers: shared hit=46
         ->  Nested Loop (actual time=0.513..0.515 rows=1 loops=2)
               Buffers: shared hit=46
               ->  Sort (actual time=0.068..0.068 rows=1 loops=2)
                     Sort Key: c.cycle_time DESC
                     Sort Method: quicksort  Memory: 29kB
                     Buffers: shared hit=3
                     ->  CTE Scan on cand c (actual time=0.002..0.029 rows=65 loops=2)
                           Filter: (scenario_id = cand.scenario_id)
                           Rows Removed by Filter: 65
               ->  Limit (actual time=0.443..0.445 rows=1 loops=2)
                     Buffers: shared hit=43
                     InitPlan 2 (returns $2)
                       ->  Index Scan using river_segment_pkey on river_segment (actual time=0.089..0.090 rows=1 loops=1)
                             Index Cond: ((river_segment_id = 'basins_byh_shud_shud_riv_000001'::text) AND (river_network_version_id = 'basins_byh_rivnet_vbasins'::text))
                             Buffers: shared hit=5
                     InitPlan 3 (returns $3)
                       ->  Index Scan using basin_version_pkey on basin_version (actual time=0.029..0.030 rows=1 loops=1)
                             Index Cond: (basin_version_id = 'basins_byh_vbasins'::text)
                             Buffers: shared hit=2
                     InitPlan 4 (returns $4)
                       ->  Index Scan using river_network_version_pkey on river_network_version (actual time=0.020..0.021 rows=1 loops=1)
                             Index Cond: (river_network_version_id = 'basins_byh_rivnet_vbasins'::text)
                             Buffers: shared hit=2
                     ->  Result (actual time=0.442..0.444 rows=1 loops=2)
                           Buffers: shared hit=43
                           ->  Custom Scan (ChunkAppend) on river_timeseries rt (actual time=0.385..0.387 rows=1 loops=2)
                                 Chunks excluded during runtime: 22
                                 Buffers: shared hit=38
                                 ->  Custom Scan (DecompressChunk) on _hyper_9_130_chunk rt_1 (never executed)
                                       Filter: ((basin_version_key IS NOT NULL) AND (river_network_version_key IS NOT NULL) AND (NOT (basin_version_key IS DISTINCT FROM $3)) AND (NOT (river_network_version_key IS DISTINCT FROM $4)) AND (valid_time >= c.cycle_time) AND (valid_time <= c.end_time) AND (variable_e = 'q_down'::hydro.river_variable))
                                       ->  Index Scan using compress_hyper_10_185_chunk__compressed_hypertable_10_run_key_r on compress_hyper_10_185_chunk (never executed)
                                             Index Cond: ((run_key = c.run_key) AND (river_segment_key = $2))
                                             Filter: ((_ts_meta_max_2 >= c.cycle_time) AND (_ts_meta_min_2 <= c.end_time))
                                 ->  Custom Scan (DecompressChunk) on _hyper_9_131_chunk rt_2 (never executed)
                                       Filter: ((basin_version_key IS NOT NULL) AND (river_network_version_key IS NOT NULL) AND (NOT (basin_version_key IS DISTINCT FROM $3)) AND (NOT (river_network_version_key IS DISTINCT FROM $4)) AND (valid_time >= c.cycle_time) AND (valid_time <= c.end_time) AND (variable_e = 'q_down'::hydro.river_variable))
                                       ->  Index Scan using compress_hyper_10_200_chunk__compressed_hypertable_10_run_key_r on compress_hyper_10_200_chunk (never executed)
                                             Index Cond: ((run_key = c.run_key) AND (river_segment_key = $2))
                                             Filter: ((_ts_meta_max_2 >= c.cycle_time) AND (_ts_meta_min_2 <= c.end_time))
                                 ->  Custom Scan (DecompressChunk) on _hyper_9_132_chunk rt_3 (never executed)
                                       Filter: ((basin_version_key IS NOT NULL) AND (river_network_version_key IS NOT NULL) AND (NOT (basin_version_key IS DISTINCT FROM $3)) AND (NOT (river_network_version_key IS DISTINCT FROM $4)) AND (valid_time >= c.cycle_time) AND (valid_time <= c.end_time) AND (variable_e = 'q_down'::hydro.river_variable))
                                       ->  Index Scan using compress_hyper_10_204_chunk__compressed_hypertable_10_run_key_r on compress_hyper_10_204_chunk (never executed)
                                             Index Cond: ((run_key = c.run_key) AND (river_segment_key = $2))
                                             Filter: ((_ts_meta_max_2 >= c.cycle_time) AND (_ts_meta_min_2 <= c.end_time))
                                 ->  Custom Scan (DecompressChunk) on _hyper_9_133_chunk rt_4 (never executed)
                                       Filter: ((basin_version_key IS NOT NULL) AND (river_network_version_key IS NOT NULL) AND (NOT (basin_version_key IS DISTINCT FROM $3)) AND (NOT (river_network_version_key IS DISTINCT FROM $4)) AND (valid_time >= c.cycle_time) AND (valid_time <= c.end_time) AND (variable_e = 'q_down'::hydro.river_variable))
                                       ->  Index Scan using compress_hyper_10_212_chunk__compressed_hypertable_10_run_key_r on compress_hyper_10_212_chunk (never executed)
                                             Index Cond: ((run_key = c.run_key) AND (river_segment_key = $2))
                                             Filter: ((_ts_meta_max_2 >= c.cycle_time) AND (_ts_meta_min_2 <= c.end_time))
                                 ->  Custom Scan (DecompressChunk) on _hyper_9_134_chunk rt_5 (never executed)
                                       Filter: ((basin_version_key IS NOT NULL) AND (river_network_version_key IS NOT NULL) AND (NOT (basin_version_key IS DISTINCT FROM $3)) AND (NOT (river_network_version_key IS DISTINCT FROM $4)) AND (valid_time >= c.cycle_time) AND (valid_time <= c.end_time) AND (variable_e = 'q_down'::hydro.river_variable))
                                       ->  Index Scan using compress_hyper_10_215_chunk__compressed_hypertable_10_run_key_r on compress_hyper_10_215_chunk (never executed)
                                             Index Cond: ((run_key = c.run_key) AND (river_segment_key = $2))
                                             Filter: ((_ts_meta_max_2 >= c.cycle_time) AND (_ts_meta_min_2 <= c.end_time))
                                 ->  Custom Scan (DecompressChunk) on _hyper_9_135_chunk rt_6 (never executed)
                                       Filter: ((basin_version_key IS NOT NULL) AND (river_network_version_key IS NOT NULL) AND (NOT (basin_version_key IS DISTINCT FROM $3)) AND (NOT (river_network_version_key IS DISTINCT FROM $4)) AND (valid_time >= c.cycle_time) AND (valid_time <= c.end_time) AND (variable_e = 'q_down'::hydro.river_variable))
                                       ->  Index Scan using compress_hyper_10_219_chunk__compressed_hypertable_10_run_key_r on compress_hyper_10_219_chunk (never executed)
                                             Index Cond: ((run_key = c.run_key) AND (river_segment_key = $2))
                                             Filter: ((_ts_meta_max_2 >= c.cycle_time) AND (_ts_meta_min_2 <= c.end_time))
                                 ->  Custom Scan (DecompressChunk) on _hyper_9_136_chunk rt_7 (never executed)
                                       Filter: ((basin_version_key IS NOT NULL) AND (river_network_version_key IS NOT NULL) AND (NOT (basin_version_key IS DISTINCT FROM $3)) AND (NOT (river_network_version_key IS DISTINCT FROM $4)) AND (valid_time >= c.cycle_time) AND (valid_time <= c.end_time) AND (variable_e = 'q_down'::hydro.river_variable))
                                       ->  Index Scan using compress_hyper_10_223_chunk__compressed_hypertable_10_run_key_r on compress_hyper_10_223_chunk (never executed)
                                             Index Cond: ((run_key = c.run_key) AND (river_segment_key = $2))
                                             Filter: ((_ts_meta_max_2 >= c.cycle_time) AND (_ts_meta_min_2 <= c.end_time))
                                 ->  Custom Scan (DecompressChunk) on _hyper_9_141_chunk rt_8 (never executed)
                                       Filter: ((basin_version_key IS NOT NULL) AND (river_network_version_key IS NOT NULL) AND (NOT (basin_version_key IS DISTINCT FROM $3)) AND (NOT (river_network_version_key IS DISTINCT FROM $4)) AND (valid_time >= c.cycle_time) AND (valid_time <= c.end_time) AND (variable_e = 'q_down'::hydro.river_variable))
                                       ->  Index Scan using compress_hyper_10_187_chunk__compressed_hypertable_10_run_key_r on compress_hyper_10_187_chunk (never executed)
                                             Index Cond: ((run_key = c.run_key) AND (river_segment_key = $2))
                                             Filter: ((_ts_meta_max_2 >= c.cycle_time) AND (_ts_meta_min_2 <= c.end_time))
                                 ->  Custom Scan (DecompressChunk) on _hyper_9_142_chunk rt_9 (never executed)
                                       Filter: ((basin_version_key IS NOT NULL) AND (river_network_version_key IS NOT NULL) AND (NOT (basin_version_key IS DISTINCT FROM $3)) AND (NOT (river_network_version_key IS DISTINCT FROM $4)) AND (valid_time >= c.cycle_time) AND (valid_time <= c.end_time) AND (variable_e = 'q_down'::hydro.river_variable))
                                       ->  Index Scan using compress_hyper_10_227_chunk__compressed_hypertable_10_run_key_r on compress_hyper_10_227_chunk (never executed)
                                             Index Cond: ((run_key = c.run_key) AND (river_segment_key = $2))
                                             Filter: ((_ts_meta_max_2 >= c.cycle_time) AND (_ts_meta_min_2 <= c.end_time))
                                 ->  Custom Scan (DecompressChunk) on _hyper_9_143_chunk rt_10 (never executed)
                                       Filter: ((basin_version_key IS NOT NULL) AND (river_network_version_key IS NOT NULL) AND (NOT (basin_version_key IS DISTINCT FROM $3)) AND (NOT (river_network_version_key IS DISTINCT FROM $4)) AND (valid_time >= c.cycle_time) AND (valid_time <= c.end_time) AND (variable_e = 'q_down'::hydro.river_variable))
                                       ->  Index Scan using compress_hyper_10_188_chunk__compressed_hypertable_10_run_key_r on compress_hyper_10_188_chunk (never executed)
                                             Index Cond: ((run_key = c.run_key) AND (river_segment_key = $2))
                                             Filter: ((_ts_meta_max_2 >= c.cycle_time) AND (_ts_meta_min_2 <= c.end_time))
                                 ->  Custom Scan (DecompressChunk) on _hyper_9_160_chunk rt_11 (never executed)
                                       Filter: ((basin_version_key IS NOT NULL) AND (river_network_version_key IS NOT NULL) AND (NOT (basin_version_key IS DISTINCT FROM $3)) AND (NOT (river_network_version_key IS DISTINCT FROM $4)) AND (valid_time >= c.cycle_time) AND (valid_time <= c.end_time) AND (variable_e = 'q_down'::hydro.river_variable))
                                       ->  Index Scan using compress_hyper_10_216_chunk__compressed_hypertable_10_run_key_r on compress_hyper_10_216_chunk (never executed)
                                             Index Cond: ((run_key = c.run_key) AND (river_segment_key = $2))
                                             Filter: ((_ts_meta_max_2 >= c.cycle_time) AND (_ts_meta_min_2 <= c.end_time))
                                 ->  Custom Scan (DecompressChunk) on _hyper_9_161_chunk rt_12 (never executed)
                                       Filter: ((basin_version_key IS NOT NULL) AND (river_network_version_key IS NOT NULL) AND (NOT (basin_version_key IS DISTINCT FROM $3)) AND (NOT (river_network_version_key IS DISTINCT FROM $4)) AND (valid_time >= c.cycle_time) AND (valid_time <= c.end_time) AND (variable_e = 'q_down'::hydro.river_variable))
                                       ->  Index Scan using compress_hyper_10_211_chunk__compressed_hypertable_10_run_key_r on compress_hyper_10_211_chunk (never executed)
                                             Index Cond: ((run_key = c.run_key) AND (river_segment_key = $2))
                                             Filter: ((_ts_meta_max_2 >= c.cycle_time) AND (_ts_meta_min_2 <= c.end_time))
                                 ->  Custom Scan (DecompressChunk) on _hyper_9_162_chunk rt_13 (never executed)
                                       Filter: ((basin_version_key IS NOT NULL) AND (river_network_version_key IS NOT NULL) AND (NOT (basin_version_key IS DISTINCT FROM $3)) AND (NOT (river_network_version_key IS DISTINCT FROM $4)) AND (valid_time >= c.cycle_time) AND (valid_time <= c.end_time) AND (variable_e = 'q_down'::hydro.river_variable))
                                       ->  Index Scan using compress_hyper_10_205_chunk__compressed_hypertable_10_run_key_r on compress_hyper_10_205_chunk (never executed)
                                             Index Cond: ((run_key = c.run_key) AND (river_segment_key = $2))
                                             Filter: ((_ts_meta_max_2 >= c.cycle_time) AND (_ts_meta_min_2 <= c.end_time))
                                 ->  Custom Scan (DecompressChunk) on _hyper_9_163_chunk rt_14 (never executed)
                                       Filter: ((basin_version_key IS NOT NULL) AND (river_network_version_key IS NOT NULL) AND (NOT (basin_version_key IS DISTINCT FROM $3)) AND (NOT (river_network_version_key IS DISTINCT FROM $4)) AND (valid_time >= c.cycle_time) AND (valid_time <= c.end_time) AND (variable_e = 'q_down'::hydro.river_variable))
                                       ->  Index Scan using compress_hyper_10_201_chunk__compressed_hypertable_10_run_key_r on compress_hyper_10_201_chunk (never executed)
                                             Index Cond: ((run_key = c.run_key) AND (river_segment_key = $2))
                                             Filter: ((_ts_meta_max_2 >= c.cycle_time) AND (_ts_meta_min_2 <= c.end_time))
                                 ->  Custom Scan (DecompressChunk) on _hyper_9_164_chunk rt_15 (never executed)
                                       Filter: ((basin_version_key IS NOT NULL) AND (river_network_version_key IS NOT NULL) AND (NOT (basin_version_key IS DISTINCT FROM $3)) AND (NOT (river_network_version_key IS DISTINCT FROM $4)) AND (valid_time >= c.cycle_time) AND (valid_time <= c.end_time) AND (variable_e = 'q_down'::hydro.river_variable))
                                       ->  Index Scan using compress_hyper_10_190_chunk__compressed_hypertable_10_run_key_r on compress_hyper_10_190_chunk (never executed)
                                             Index Cond: ((run_key = c.run_key) AND (river_segment_key = $2))
                                             Filter: ((_ts_meta_max_2 >= c.cycle_time) AND (_ts_meta_min_2 <= c.end_time))
                                 ->  Custom Scan (DecompressChunk) on _hyper_9_165_chunk rt_16 (never executed)
                                       Filter: ((basin_version_key IS NOT NULL) AND (river_network_version_key IS NOT NULL) AND (NOT (basin_version_key IS DISTINCT FROM $3)) AND (NOT (river_network_version_key IS DISTINCT FROM $4)) AND (valid_time >= c.cycle_time) AND (valid_time <= c.end_time) AND (variable_e = 'q_down'::hydro.river_variable))
                                       ->  Index Scan using compress_hyper_10_189_chunk__compressed_hypertable_10_run_key_r on compress_hyper_10_189_chunk (never executed)
                                             Index Cond: ((run_key = c.run_key) AND (river_segment_key = $2))
                                             Filter: ((_ts_meta_max_2 >= c.cycle_time) AND (_ts_meta_min_2 <= c.end_time))
                                 ->  Custom Scan (DecompressChunk) on _hyper_9_170_chunk rt_17 (never executed)
                                       Filter: ((basin_version_key IS NOT NULL) AND (river_network_version_key IS NOT NULL) AND (NOT (basin_version_key IS DISTINCT FROM $3)) AND (NOT (river_network_version_key IS DISTINCT FROM $4)) AND (valid_time >= c.cycle_time) AND (valid_time <= c.end_time) AND (variable_e = 'q_down'::hydro.river_variable))
                                       ->  Index Scan using compress_hyper_10_236_chunk__compressed_hypertable_10_run_key_r on compress_hyper_10_236_chunk (never executed)
                                             Index Cond: ((run_key = c.run_key) AND (river_segment_key = $2))
                                             Filter: ((_ts_meta_max_2 >= c.cycle_time) AND (_ts_meta_min_2 <= c.end_time))
                                 ->  Custom Scan (DecompressChunk) on _hyper_9_175_chunk rt_18 (never executed)
                                       Filter: ((basin_version_key IS NOT NULL) AND (river_network_version_key IS NOT NULL) AND (NOT (basin_version_key IS DISTINCT FROM $3)) AND (NOT (river_network_version_key IS DISTINCT FROM $4)) AND (valid_time >= c.cycle_time) AND (valid_time <= c.end_time) AND (variable_e = 'q_down'::hydro.river_variable))
                                       ->  Index Scan using compress_hyper_10_235_chunk__compressed_hypertable_10_run_key_r on compress_hyper_10_235_chunk (never executed)
                                             Index Cond: ((run_key = c.run_key) AND (river_segment_key = $2))
                                             Filter: ((_ts_meta_max_2 >= c.cycle_time) AND (_ts_meta_min_2 <= c.end_time))
                                 ->  Index Scan using "181_421_river_timeseries_narrow_pkey" on _hyper_9_181_chunk rt_19 (never executed)
                                       Index Cond: ((run_key = c.run_key) AND (river_segment_key = $2) AND (variable_e = 'q_down'::hydro.river_variable) AND (valid_time >= c.cycle_time) AND (valid_time <= c.end_time))
                                       Filter: ((basin_version_key IS NOT NULL) AND (river_network_version_key IS NOT NULL) AND (NOT (basin_version_key IS DISTINCT FROM $3)) AND (NOT (river_network_version_key IS DISTINCT FROM $4)))
                                 ->  Index Scan using "191_443_river_timeseries_narrow_pkey" on _hyper_9_191_chunk rt_20 (never executed)
                                       Index Cond: ((run_key = c.run_key) AND (river_segment_key = $2) AND (variable_e = 'q_down'::hydro.river_variable) AND (valid_time >= c.cycle_time) AND (valid_time <= c.end_time))
                                       Filter: ((basin_version_key IS NOT NULL) AND (river_network_version_key IS NOT NULL) AND (NOT (basin_version_key IS DISTINCT FROM $3)) AND (NOT (river_network_version_key IS DISTINCT FROM $4)))
                                 ->  Index Scan using "202_474_river_timeseries_narrow_pkey" on _hyper_9_202_chunk rt_21 (never executed)
                                       Index Cond: ((run_key = c.run_key) AND (river_segment_key = $2) AND (variable_e = 'q_down'::hydro.river_variable) AND (valid_time >= c.cycle_time) AND (valid_time <= c.end_time))
                                       Filter: ((basin_version_key IS NOT NULL) AND (river_network_version_key IS NOT NULL) AND (NOT (basin_version_key IS DISTINCT FROM $3)) AND (NOT (river_network_version_key IS DISTINCT FROM $4)))
                                 ->  Index Scan using "206_484_river_timeseries_narrow_pkey" on _hyper_9_206_chunk rt_22 (never executed)
                                       Index Cond: ((run_key = c.run_key) AND (river_segment_key = $2) AND (variable_e = 'q_down'::hydro.river_variable) AND (valid_time >= c.cycle_time) AND (valid_time <= c.end_time))
                                       Filter: ((basin_version_key IS NOT NULL) AND (river_network_version_key IS NOT NULL) AND (NOT (basin_version_key IS DISTINCT FROM $3)) AND (NOT (river_network_version_key IS DISTINCT FROM $4)))
                                 ->  Index Scan using "213_504_river_timeseries_narrow_pkey" on _hyper_9_213_chunk rt_23 (actual time=0.092..0.092 rows=1 loops=2)
                                       Index Cond: ((run_key = c.run_key) AND (river_segment_key = $2) AND (variable_e = 'q_down'::hydro.river_variable) AND (valid_time >= c.cycle_time) AND (valid_time <= c.end_time))
                                       Filter: ((basin_version_key IS NOT NULL) AND (river_network_version_key IS NOT NULL) AND (NOT (basin_version_key IS DISTINCT FROM $3)) AND (NOT (river_network_version_key IS DISTINCT FROM $4)))
                                       Buffers: shared hit=10
                                 ->  Index Scan using "217_514_river_timeseries_narrow_pkey" on _hyper_9_217_chunk rt_24 (never executed)
                                       Index Cond: ((run_key = c.run_key) AND (river_segment_key = $2) AND (variable_e = 'q_down'::hydro.river_variable) AND (valid_time >= c.cycle_time) AND (valid_time <= c.end_time))
                                       Filter: ((basin_version_key IS NOT NULL) AND (river_network_version_key IS NOT NULL) AND (NOT (basin_version_key IS DISTINCT FROM $3)) AND (NOT (river_network_version_key IS DISTINCT FROM $4)))
                                 ->  Index Scan using "221_524_river_timeseries_narrow_pkey" on _hyper_9_221_chunk rt_25 (never executed)
                                       Index Cond: ((run_key = c.run_key) AND (river_segment_key = $2) AND (variable_e = 'q_down'::hydro.river_variable) AND (valid_time >= c.cycle_time) AND (valid_time <= c.end_time))
                                       Filter: ((basin_version_key IS NOT NULL) AND (river_network_version_key IS NOT NULL) AND (NOT (basin_version_key IS DISTINCT FROM $3)) AND (NOT (river_network_version_key IS DISTINCT FROM $4)))
                                 ->  Index Scan using "225_534_river_timeseries_narrow_pkey" on _hyper_9_225_chunk rt_26 (never executed)
                                       Index Cond: ((run_key = c.run_key) AND (river_segment_key = $2) AND (variable_e = 'q_down'::hydro.river_variable) AND (valid_time >= c.cycle_time) AND (valid_time <= c.end_time))
                                       Filter: ((basin_version_key IS NOT NULL) AND (river_network_version_key IS NOT NULL) AND (NOT (basin_version_key IS DISTINCT FROM $3)) AND (NOT (river_network_version_key IS DISTINCT FROM $4)))
                                 ->  Index Scan using _hyper_9_231_chunk_river_ts_segment_time_key_idx on _hyper_9_231_chunk rt_27 (never executed)
                                       Index Cond: ((river_segment_key = $2) AND (variable_e = 'q_down'::hydro.river_variable) AND (valid_time >= c.cycle_time) AND (valid_time <= c.end_time))
                                       Filter: ((basin_version_key IS NOT NULL) AND (river_network_version_key IS NOT NULL) AND (NOT (basin_version_key IS DISTINCT FROM $3)) AND (NOT (river_network_version_key IS DISTINCT FROM $4)) AND (run_key = c.run_key))
                                 ->  Index Scan using _hyper_9_233_chunk_river_ts_segment_time_key_idx on _hyper_9_233_chunk rt_28 (never executed)
                                       Index Cond: ((river_segment_key = $2) AND (variable_e = 'q_down'::hydro.river_variable) AND (valid_time >= c.cycle_time) AND (valid_time <= c.end_time))
                                       Filter: ((basin_version_key IS NOT NULL) AND (river_network_version_key IS NOT NULL) AND (NOT (basin_version_key IS DISTINCT FROM $3)) AND (NOT (river_network_version_key IS DISTINCT FROM $4)) AND (run_key = c.run_key))
                                 ->  Index Scan using _hyper_9_237_chunk_river_ts_segment_time_key_idx on _hyper_9_237_chunk rt_29 (never executed)
                                       Index Cond: ((river_segment_key = $2) AND (variable_e = 'q_down'::hydro.river_variable) AND (valid_time >= c.cycle_time) AND (valid_time <= c.end_time))
                                       Filter: ((basin_version_key IS NOT NULL) AND (river_network_version_key IS NOT NULL) AND (NOT (basin_version_key IS DISTINCT FROM $3)) AND (NOT (river_network_version_key IS DISTINCT FROM $4)) AND (run_key = c.run_key))
 Planning:
   Buffers: shared hit=9344
 Planning Time: 32.143 ms
 Execution Time: 4.603 ms
(177 rows)

