                                                                                                                                                                               QUERY PLAN                                                                                                                                                                                
-------------------------------------------------------------------------------------------------------------------------------------------------------------------------------------------------------------------------------------------------------------------------------------------------------------------------------------------------------------------------
 Nested Loop (actual time=37.145..37.155 rows=0 loops=1)
   Buffers: shared hit=24497
   CTE cand
     ->  Seq Scan on hydro_run h (actual time=0.155..14.277 rows=239 loops=1)
           Filter: ((cycle_time IS NOT NULL) AND (run_type = 'forecast'::hydro.run_type) AND (basin_version_id = 'basins_zhaochen_bst_vbasins'::text) AND ((lower(source_id) = ANY ('{gfs,ifs}'::text[])) OR (lower(scenario_id) = ANY ('{forecast_gfs_deterministic,forecast_ifs_deterministic,gfs,ifs}'::text[]))))
           Rows Removed by Filter: 10484
           Buffers: shared hit=1299
   ->  Unique (actual time=14.538..14.587 rows=2 loops=1)
         Buffers: shared hit=1302
         ->  Sort (actual time=14.537..14.553 rows=239 loops=1)
               Sort Key: cand.scenario_id
               Sort Method: quicksort  Memory: 41kB
               Buffers: shared hit=1302
               ->  CTE Scan on cand (actual time=0.160..14.417 rows=239 loops=1)
                     Buffers: shared hit=1299
   ->  Limit (actual time=11.277..11.282 rows=0 loops=2)
         Buffers: shared hit=23195
         InitPlan 2 (returns $1)
           ->  Index Scan using river_segment_pkey on river_segment (actual time=0.073..0.074 rows=1 loops=1)
                 Index Cond: ((river_segment_id = 'basins_zhaochen_bst_shud_shud_riv_000001'::text) AND (river_network_version_id = 'basins_zhaochen_bst_rivnet_vbasins'::text))
                 Buffers: shared hit=5
         InitPlan 3 (returns $2)
           ->  Index Scan using basin_version_pkey on basin_version (actual time=0.030..0.030 rows=1 loops=1)
                 Index Cond: (basin_version_id = 'basins_zhaochen_bst_vbasins'::text)
                 Buffers: shared hit=2
         InitPlan 4 (returns $3)
           ->  Index Scan using river_network_version_pkey on river_network_version (actual time=0.016..0.016 rows=1 loops=1)
                 Index Cond: (river_network_version_id = 'basins_zhaochen_bst_rivnet_vbasins'::text)
                 Buffers: shared hit=2
         ->  Nested Loop Semi Join (actual time=11.276..11.280 rows=0 loops=2)
               Buffers: shared hit=23195
               ->  Sort (actual time=0.105..0.121 rows=120 loops=2)
                     Sort Key: c.cycle_time DESC
                     Sort Method: quicksort  Memory: 32kB
                     Buffers: shared hit=3
                     ->  CTE Scan on cand c (actual time=0.002..0.052 rows=120 loops=2)
                           Filter: (scenario_id = cand.scenario_id)
                           Rows Removed by Filter: 120
               ->  Custom Scan (ChunkAppend) on river_timeseries rt (actual time=0.083..0.083 rows=0 loops=239)
                     Hypertables excluded during runtime: 0
                     Buffers: shared hit=23187
                     ->  Custom Scan (DecompressChunk) on _hyper_9_130_chunk rt_1 (actual time=0.003..0.003 rows=0 loops=239)
                           Filter: ((basin_version_key IS NOT NULL) AND (river_network_version_key IS NOT NULL) AND (NOT (basin_version_key IS DISTINCT FROM $2)) AND (NOT (river_network_version_key IS DISTINCT FROM $3)) AND (variable_e = 'q_down'::hydro.river_variable) AND (valid_time >= c.cycle_time) AND (valid_time <= c.end_time) AND (c.run_key = run_key))
                           Buffers: shared hit=717
                           ->  Index Scan using compress_hyper_10_185_chunk__compressed_hypertable_10_run_key_r on compress_hyper_10_185_chunk (actual time=0.002..0.002 rows=0 loops=239)
                                 Index Cond: ((run_key = c.run_key) AND (river_segment_key = $1))
                                 Buffers: shared hit=717
                     ->  Custom Scan (DecompressChunk) on _hyper_9_131_chunk rt_2 (actual time=0.002..0.002 rows=0 loops=239)
                           Filter: ((basin_version_key IS NOT NULL) AND (river_network_version_key IS NOT NULL) AND (NOT (basin_version_key IS DISTINCT FROM $2)) AND (NOT (river_network_version_key IS DISTINCT FROM $3)) AND (variable_e = 'q_down'::hydro.river_variable) AND (valid_time >= c.cycle_time) AND (valid_time <= c.end_time) AND (c.run_key = run_key))
                           Buffers: shared hit=717
                           ->  Index Scan using compress_hyper_10_200_chunk__compressed_hypertable_10_run_key_r on compress_hyper_10_200_chunk (actual time=0.002..0.002 rows=0 loops=239)
                                 Index Cond: ((run_key = c.run_key) AND (river_segment_key = $1))
                                 Buffers: shared hit=717
                     ->  Custom Scan (DecompressChunk) on _hyper_9_132_chunk rt_3 (actual time=0.002..0.002 rows=0 loops=239)
                           Filter: ((basin_version_key IS NOT NULL) AND (river_network_version_key IS NOT NULL) AND (NOT (basin_version_key IS DISTINCT FROM $2)) AND (NOT (river_network_version_key IS DISTINCT FROM $3)) AND (variable_e = 'q_down'::hydro.river_variable) AND (valid_time >= c.cycle_time) AND (valid_time <= c.end_time) AND (c.run_key = run_key))
                           Buffers: shared hit=717
                           ->  Index Scan using compress_hyper_10_204_chunk__compressed_hypertable_10_run_key_r on compress_hyper_10_204_chunk (actual time=0.002..0.002 rows=0 loops=239)
                                 Index Cond: ((run_key = c.run_key) AND (river_segment_key = $1))
                                 Buffers: shared hit=717
                     ->  Custom Scan (DecompressChunk) on _hyper_9_133_chunk rt_4 (actual time=0.002..0.002 rows=0 loops=239)
                           Filter: ((basin_version_key IS NOT NULL) AND (river_network_version_key IS NOT NULL) AND (NOT (basin_version_key IS DISTINCT FROM $2)) AND (NOT (river_network_version_key IS DISTINCT FROM $3)) AND (variable_e = 'q_down'::hydro.river_variable) AND (valid_time >= c.cycle_time) AND (valid_time <= c.end_time) AND (c.run_key = run_key))
                           Buffers: shared hit=717
                           ->  Index Scan using compress_hyper_10_212_chunk__compressed_hypertable_10_run_key_r on compress_hyper_10_212_chunk (actual time=0.002..0.002 rows=0 loops=239)
                                 Index Cond: ((run_key = c.run_key) AND (river_segment_key = $1))
                                 Buffers: shared hit=717
                     ->  Custom Scan (DecompressChunk) on _hyper_9_134_chunk rt_5 (actual time=0.002..0.002 rows=0 loops=239)
                           Filter: ((basin_version_key IS NOT NULL) AND (river_network_version_key IS NOT NULL) AND (NOT (basin_version_key IS DISTINCT FROM $2)) AND (NOT (river_network_version_key IS DISTINCT FROM $3)) AND (variable_e = 'q_down'::hydro.river_variable) AND (valid_time >= c.cycle_time) AND (valid_time <= c.end_time) AND (c.run_key = run_key))
                           Buffers: shared hit=717
                           ->  Index Scan using compress_hyper_10_215_chunk__compressed_hypertable_10_run_key_r on compress_hyper_10_215_chunk (actual time=0.002..0.002 rows=0 loops=239)
                                 Index Cond: ((run_key = c.run_key) AND (river_segment_key = $1))
                                 Buffers: shared hit=717
                     ->  Custom Scan (DecompressChunk) on _hyper_9_135_chunk rt_6 (actual time=0.002..0.002 rows=0 loops=239)
                           Filter: ((basin_version_key IS NOT NULL) AND (river_network_version_key IS NOT NULL) AND (NOT (basin_version_key IS DISTINCT FROM $2)) AND (NOT (river_network_version_key IS DISTINCT FROM $3)) AND (variable_e = 'q_down'::hydro.river_variable) AND (valid_time >= c.cycle_time) AND (valid_time <= c.end_time) AND (c.run_key = run_key))
                           Buffers: shared hit=717
                           ->  Index Scan using compress_hyper_10_219_chunk__compressed_hypertable_10_run_key_r on compress_hyper_10_219_chunk (actual time=0.002..0.002 rows=0 loops=239)
                                 Index Cond: ((run_key = c.run_key) AND (river_segment_key = $1))
                                 Buffers: shared hit=717
                     ->  Custom Scan (DecompressChunk) on _hyper_9_136_chunk rt_7 (actual time=0.002..0.002 rows=0 loops=239)
                           Filter: ((basin_version_key IS NOT NULL) AND (river_network_version_key IS NOT NULL) AND (NOT (basin_version_key IS DISTINCT FROM $2)) AND (NOT (river_network_version_key IS DISTINCT FROM $3)) AND (variable_e = 'q_down'::hydro.river_variable) AND (valid_time >= c.cycle_time) AND (valid_time <= c.end_time) AND (c.run_key = run_key))
                           Buffers: shared hit=717
                           ->  Index Scan using compress_hyper_10_223_chunk__compressed_hypertable_10_run_key_r on compress_hyper_10_223_chunk (actual time=0.002..0.002 rows=0 loops=239)
                                 Index Cond: ((run_key = c.run_key) AND (river_segment_key = $1))
                                 Buffers: shared hit=717
                     ->  Custom Scan (DecompressChunk) on _hyper_9_141_chunk rt_8 (actual time=0.002..0.002 rows=0 loops=239)
                           Filter: ((basin_version_key IS NOT NULL) AND (river_network_version_key IS NOT NULL) AND (NOT (basin_version_key IS DISTINCT FROM $2)) AND (NOT (river_network_version_key IS DISTINCT FROM $3)) AND (variable_e = 'q_down'::hydro.river_variable) AND (valid_time >= c.cycle_time) AND (valid_time <= c.end_time) AND (c.run_key = run_key))
                           Buffers: shared hit=717
                           ->  Index Scan using compress_hyper_10_187_chunk__compressed_hypertable_10_run_key_r on compress_hyper_10_187_chunk (actual time=0.002..0.002 rows=0 loops=239)
                                 Index Cond: ((run_key = c.run_key) AND (river_segment_key = $1))
                                 Buffers: shared hit=717
                     ->  Custom Scan (DecompressChunk) on _hyper_9_142_chunk rt_9 (actual time=0.002..0.002 rows=0 loops=239)
                           Filter: ((basin_version_key IS NOT NULL) AND (river_network_version_key IS NOT NULL) AND (NOT (basin_version_key IS DISTINCT FROM $2)) AND (NOT (river_network_version_key IS DISTINCT FROM $3)) AND (variable_e = 'q_down'::hydro.river_variable) AND (valid_time >= c.cycle_time) AND (valid_time <= c.end_time) AND (c.run_key = run_key))
                           Buffers: shared hit=717
                           ->  Index Scan using compress_hyper_10_227_chunk__compressed_hypertable_10_run_key_r on compress_hyper_10_227_chunk (actual time=0.002..0.002 rows=0 loops=239)
                                 Index Cond: ((run_key = c.run_key) AND (river_segment_key = $1))
                                 Buffers: shared hit=717
                     ->  Custom Scan (DecompressChunk) on _hyper_9_143_chunk rt_10 (actual time=0.002..0.002 rows=0 loops=239)
                           Filter: ((basin_version_key IS NOT NULL) AND (river_network_version_key IS NOT NULL) AND (NOT (basin_version_key IS DISTINCT FROM $2)) AND (NOT (river_network_version_key IS DISTINCT FROM $3)) AND (variable_e = 'q_down'::hydro.river_variable) AND (valid_time >= c.cycle_time) AND (valid_time <= c.end_time) AND (c.run_key = run_key))
                           Buffers: shared hit=717
                           ->  Index Scan using compress_hyper_10_188_chunk__compressed_hypertable_10_run_key_r on compress_hyper_10_188_chunk (actual time=0.002..0.002 rows=0 loops=239)
                                 Index Cond: ((run_key = c.run_key) AND (river_segment_key = $1))
                                 Buffers: shared hit=717
                     ->  Custom Scan (DecompressChunk) on _hyper_9_160_chunk rt_11 (actual time=0.002..0.002 rows=0 loops=239)
                           Filter: ((basin_version_key IS NOT NULL) AND (river_network_version_key IS NOT NULL) AND (NOT (basin_version_key IS DISTINCT FROM $2)) AND (NOT (river_network_version_key IS DISTINCT FROM $3)) AND (variable_e = 'q_down'::hydro.river_variable) AND (valid_time >= c.cycle_time) AND (valid_time <= c.end_time) AND (c.run_key = run_key))
                           Buffers: shared hit=717
                           ->  Index Scan using compress_hyper_10_216_chunk__compressed_hypertable_10_run_key_r on compress_hyper_10_216_chunk (actual time=0.002..0.002 rows=0 loops=239)
                                 Index Cond: ((run_key = c.run_key) AND (river_segment_key = $1))
                                 Buffers: shared hit=717
                     ->  Custom Scan (DecompressChunk) on _hyper_9_161_chunk rt_12 (actual time=0.003..0.003 rows=0 loops=239)
                           Filter: ((basin_version_key IS NOT NULL) AND (river_network_version_key IS NOT NULL) AND (NOT (basin_version_key IS DISTINCT FROM $2)) AND (NOT (river_network_version_key IS DISTINCT FROM $3)) AND (variable_e = 'q_down'::hydro.river_variable) AND (valid_time >= c.cycle_time) AND (valid_time <= c.end_time) AND (c.run_key = run_key))
                           Buffers: shared hit=717
                           ->  Index Scan using compress_hyper_10_211_chunk__compressed_hypertable_10_run_key_r on compress_hyper_10_211_chunk (actual time=0.002..0.002 rows=0 loops=239)
                                 Index Cond: ((run_key = c.run_key) AND (river_segment_key = $1))
                                 Buffers: shared hit=717
                     ->  Custom Scan (DecompressChunk) on _hyper_9_162_chunk rt_13 (actual time=0.002..0.002 rows=0 loops=239)
                           Filter: ((basin_version_key IS NOT NULL) AND (river_network_version_key IS NOT NULL) AND (NOT (basin_version_key IS DISTINCT FROM $2)) AND (NOT (river_network_version_key IS DISTINCT FROM $3)) AND (variable_e = 'q_down'::hydro.river_variable) AND (valid_time >= c.cycle_time) AND (valid_time <= c.end_time) AND (c.run_key = run_key))
                           Buffers: shared hit=717
                           ->  Index Scan using compress_hyper_10_205_chunk__compressed_hypertable_10_run_key_r on compress_hyper_10_205_chunk (actual time=0.002..0.002 rows=0 loops=239)
                                 Index Cond: ((run_key = c.run_key) AND (river_segment_key = $1))
                                 Buffers: shared hit=717
                     ->  Custom Scan (DecompressChunk) on _hyper_9_163_chunk rt_14 (actual time=0.002..0.002 rows=0 loops=239)
                           Filter: ((basin_version_key IS NOT NULL) AND (river_network_version_key IS NOT NULL) AND (NOT (basin_version_key IS DISTINCT FROM $2)) AND (NOT (river_network_version_key IS DISTINCT FROM $3)) AND (variable_e = 'q_down'::hydro.river_variable) AND (valid_time >= c.cycle_time) AND (valid_time <= c.end_time) AND (c.run_key = run_key))
                           Buffers: shared hit=717
                           ->  Index Scan using compress_hyper_10_201_chunk__compressed_hypertable_10_run_key_r on compress_hyper_10_201_chunk (actual time=0.002..0.002 rows=0 loops=239)
                                 Index Cond: ((run_key = c.run_key) AND (river_segment_key = $1))
                                 Buffers: shared hit=717
                     ->  Custom Scan (DecompressChunk) on _hyper_9_164_chunk rt_15 (actual time=0.002..0.002 rows=0 loops=239)
                           Filter: ((basin_version_key IS NOT NULL) AND (river_network_version_key IS NOT NULL) AND (NOT (basin_version_key IS DISTINCT FROM $2)) AND (NOT (river_network_version_key IS DISTINCT FROM $3)) AND (variable_e = 'q_down'::hydro.river_variable) AND (valid_time >= c.cycle_time) AND (valid_time <= c.end_time) AND (c.run_key = run_key))
                           Buffers: shared hit=717
                           ->  Index Scan using compress_hyper_10_190_chunk__compressed_hypertable_10_run_key_r on compress_hyper_10_190_chunk (actual time=0.002..0.002 rows=0 loops=239)
                                 Index Cond: ((run_key = c.run_key) AND (river_segment_key = $1))
                                 Buffers: shared hit=717
                     ->  Custom Scan (DecompressChunk) on _hyper_9_165_chunk rt_16 (actual time=0.002..0.002 rows=0 loops=239)
                           Filter: ((basin_version_key IS NOT NULL) AND (river_network_version_key IS NOT NULL) AND (NOT (basin_version_key IS DISTINCT FROM $2)) AND (NOT (river_network_version_key IS DISTINCT FROM $3)) AND (variable_e = 'q_down'::hydro.river_variable) AND (valid_time >= c.cycle_time) AND (valid_time <= c.end_time) AND (c.run_key = run_key))
                           Buffers: shared hit=717
                           ->  Index Scan using compress_hyper_10_189_chunk__compressed_hypertable_10_run_key_r on compress_hyper_10_189_chunk (actual time=0.002..0.002 rows=0 loops=239)
                                 Index Cond: ((run_key = c.run_key) AND (river_segment_key = $1))
                                 Buffers: shared hit=717
                     ->  Custom Scan (DecompressChunk) on _hyper_9_170_chunk rt_17 (actual time=0.002..0.002 rows=0 loops=239)
                           Filter: ((basin_version_key IS NOT NULL) AND (river_network_version_key IS NOT NULL) AND (NOT (basin_version_key IS DISTINCT FROM $2)) AND (NOT (river_network_version_key IS DISTINCT FROM $3)) AND (variable_e = 'q_down'::hydro.river_variable) AND (valid_time >= c.cycle_time) AND (valid_time <= c.end_time) AND (c.run_key = run_key))
                           Buffers: shared hit=717
                           ->  Index Scan using compress_hyper_10_236_chunk__compressed_hypertable_10_run_key_r on compress_hyper_10_236_chunk (actual time=0.002..0.002 rows=0 loops=239)
                                 Index Cond: ((run_key = c.run_key) AND (river_segment_key = $1))
                                 Buffers: shared hit=717
                     ->  Custom Scan (DecompressChunk) on _hyper_9_175_chunk rt_18 (actual time=0.003..0.003 rows=0 loops=239)
                           Filter: ((basin_version_key IS NOT NULL) AND (river_network_version_key IS NOT NULL) AND (NOT (basin_version_key IS DISTINCT FROM $2)) AND (NOT (river_network_version_key IS DISTINCT FROM $3)) AND (variable_e = 'q_down'::hydro.river_variable) AND (valid_time >= c.cycle_time) AND (valid_time <= c.end_time) AND (c.run_key = run_key))
                           Buffers: shared hit=717
                           ->  Index Scan using compress_hyper_10_235_chunk__compressed_hypertable_10_run_key_r on compress_hyper_10_235_chunk (actual time=0.002..0.002 rows=0 loops=239)
                                 Index Cond: ((run_key = c.run_key) AND (river_segment_key = $1))
                                 Buffers: shared hit=717
                     ->  Index Scan using "181_421_river_timeseries_narrow_pkey" on _hyper_9_181_chunk rt_19 (actual time=0.003..0.003 rows=0 loops=239)
                           Index Cond: ((run_key = c.run_key) AND (river_segment_key = $1) AND (variable_e = 'q_down'::hydro.river_variable) AND (valid_time >= c.cycle_time) AND (valid_time <= c.end_time))
                           Filter: ((basin_version_key IS NOT NULL) AND (river_network_version_key IS NOT NULL) AND (NOT (basin_version_key IS DISTINCT FROM $2)) AND (NOT (river_network_version_key IS DISTINCT FROM $3)))
                           Buffers: shared hit=956
                     ->  Index Scan using "191_443_river_timeseries_narrow_pkey" on _hyper_9_191_chunk rt_20 (actual time=0.003..0.003 rows=0 loops=239)
                           Index Cond: ((run_key = c.run_key) AND (river_segment_key = $1) AND (variable_e = 'q_down'::hydro.river_variable) AND (valid_time >= c.cycle_time) AND (valid_time <= c.end_time))
                           Filter: ((basin_version_key IS NOT NULL) AND (river_network_version_key IS NOT NULL) AND (NOT (basin_version_key IS DISTINCT FROM $2)) AND (NOT (river_network_version_key IS DISTINCT FROM $3)))
                           Buffers: shared hit=956
                     ->  Index Scan using "202_474_river_timeseries_narrow_pkey" on _hyper_9_202_chunk rt_21 (actual time=0.003..0.003 rows=0 loops=239)
                           Index Cond: ((run_key = c.run_key) AND (river_segment_key = $1) AND (variable_e = 'q_down'::hydro.river_variable) AND (valid_time >= c.cycle_time) AND (valid_time <= c.end_time))
                           Filter: ((basin_version_key IS NOT NULL) AND (river_network_version_key IS NOT NULL) AND (NOT (basin_version_key IS DISTINCT FROM $2)) AND (NOT (river_network_version_key IS DISTINCT FROM $3)))
                           Buffers: shared hit=956
                     ->  Index Scan using "206_484_river_timeseries_narrow_pkey" on _hyper_9_206_chunk rt_22 (actual time=0.003..0.003 rows=0 loops=239)
                           Index Cond: ((run_key = c.run_key) AND (river_segment_key = $1) AND (variable_e = 'q_down'::hydro.river_variable) AND (valid_time >= c.cycle_time) AND (valid_time <= c.end_time))
                           Filter: ((basin_version_key IS NOT NULL) AND (river_network_version_key IS NOT NULL) AND (NOT (basin_version_key IS DISTINCT FROM $2)) AND (NOT (river_network_version_key IS DISTINCT FROM $3)))
                           Buffers: shared hit=956
                     ->  Index Scan using "213_504_river_timeseries_narrow_pkey" on _hyper_9_213_chunk rt_23 (actual time=0.003..0.003 rows=0 loops=239)
                           Index Cond: ((run_key = c.run_key) AND (river_segment_key = $1) AND (variable_e = 'q_down'::hydro.river_variable) AND (valid_time >= c.cycle_time) AND (valid_time <= c.end_time))
                           Filter: ((basin_version_key IS NOT NULL) AND (river_network_version_key IS NOT NULL) AND (NOT (basin_version_key IS DISTINCT FROM $2)) AND (NOT (river_network_version_key IS DISTINCT FROM $3)))
                           Buffers: shared hit=956
                     ->  Index Scan using "217_514_river_timeseries_narrow_pkey" on _hyper_9_217_chunk rt_24 (actual time=0.003..0.003 rows=0 loops=239)
                           Index Cond: ((run_key = c.run_key) AND (river_segment_key = $1) AND (variable_e = 'q_down'::hydro.river_variable) AND (valid_time >= c.cycle_time) AND (valid_time <= c.end_time))
                           Filter: ((basin_version_key IS NOT NULL) AND (river_network_version_key IS NOT NULL) AND (NOT (basin_version_key IS DISTINCT FROM $2)) AND (NOT (river_network_version_key IS DISTINCT FROM $3)))
                           Buffers: shared hit=956
                     ->  Index Scan using "221_524_river_timeseries_narrow_pkey" on _hyper_9_221_chunk rt_25 (actual time=0.003..0.003 rows=0 loops=239)
                           Index Cond: ((run_key = c.run_key) AND (river_segment_key = $1) AND (variable_e = 'q_down'::hydro.river_variable) AND (valid_time >= c.cycle_time) AND (valid_time <= c.end_time))
                           Filter: ((basin_version_key IS NOT NULL) AND (river_network_version_key IS NOT NULL) AND (NOT (basin_version_key IS DISTINCT FROM $2)) AND (NOT (river_network_version_key IS DISTINCT FROM $3)))
                           Buffers: shared hit=956
                     ->  Index Scan using "225_534_river_timeseries_narrow_pkey" on _hyper_9_225_chunk rt_26 (actual time=0.003..0.003 rows=0 loops=239)
                           Index Cond: ((run_key = c.run_key) AND (river_segment_key = $1) AND (variable_e = 'q_down'::hydro.river_variable) AND (valid_time >= c.cycle_time) AND (valid_time <= c.end_time))
                           Filter: ((basin_version_key IS NOT NULL) AND (river_network_version_key IS NOT NULL) AND (NOT (basin_version_key IS DISTINCT FROM $2)) AND (NOT (river_network_version_key IS DISTINCT FROM $3)))
                           Buffers: shared hit=956
                     ->  Index Scan using "231_548_river_timeseries_narrow_pkey" on _hyper_9_231_chunk rt_27 (actual time=0.003..0.003 rows=0 loops=239)
                           Index Cond: ((run_key = c.run_key) AND (river_segment_key = $1) AND (variable_e = 'q_down'::hydro.river_variable) AND (valid_time >= c.cycle_time) AND (valid_time <= c.end_time))
                           Filter: ((basin_version_key IS NOT NULL) AND (river_network_version_key IS NOT NULL) AND (NOT (basin_version_key IS DISTINCT FROM $2)) AND (NOT (river_network_version_key IS DISTINCT FROM $3)))
                           Buffers: shared hit=956
                     ->  Index Scan using "233_554_river_timeseries_narrow_pkey" on _hyper_9_233_chunk rt_28 (actual time=0.003..0.003 rows=0 loops=239)
                           Index Cond: ((run_key = c.run_key) AND (river_segment_key = $1) AND (variable_e = 'q_down'::hydro.river_variable) AND (valid_time >= c.cycle_time) AND (valid_time <= c.end_time))
                           Filter: ((basin_version_key IS NOT NULL) AND (river_network_version_key IS NOT NULL) AND (NOT (basin_version_key IS DISTINCT FROM $2)) AND (NOT (river_network_version_key IS DISTINCT FROM $3)))
                           Buffers: shared hit=956
                     ->  Index Scan using "237_564_river_timeseries_narrow_pkey" on _hyper_9_237_chunk rt_29 (actual time=0.002..0.002 rows=0 loops=239)
                           Index Cond: ((run_key = c.run_key) AND (river_segment_key = $1) AND (variable_e = 'q_down'::hydro.river_variable) AND (valid_time >= c.cycle_time) AND (valid_time <= c.end_time))
                           Filter: ((basin_version_key IS NOT NULL) AND (river_network_version_key IS NOT NULL) AND (NOT (basin_version_key IS DISTINCT FROM $2)) AND (NOT (river_network_version_key IS DISTINCT FROM $3)))
                           Buffers: shared hit=717
 Planning:
   Buffers: shared hit=9479
 Planning Time: 33.230 ms
 Execution Time: 38.360 ms
(197 rows)

